// Jest Snapshot v1, https://goo.gl/fbAQLP

exports[`CategorySwiper component should render correctly 1`] = `ShallowWrapper {}`;
