// Jest Snapshot v1, https://goo.gl/fbAQLP

exports[`categories component should render correctly 1`] = `ShallowWrapper {}`;
