// Jest Snapshot v1, https://goo.gl/fbAQLP

exports[`SpecialCard component should render without throwing an error 1`] = `ShallowWrapper {}`;
