// Jest Snapshot v1, https://goo.gl/fbAQLP

exports[`SingleItem component should render correctly 1`] = `ShallowWrapper {}`;
