// Jest Snapshot v1, https://goo.gl/fbAQLP

exports[`FooterSupport component should render correctly 1`] = `ShallowWrapper {}`;
