// Jest Snapshot v1, https://goo.gl/fbAQLP

exports[`Categories Card component should render correctly 1`] = `ShallowWrapper {}`;
