// Jest Snapshot v1, https://goo.gl/fbAQLP

exports[`FooterPartners component should render correctly 1`] = `ShallowWrapper {}`;
