// Jest Snapshot v1, https://goo.gl/fbAQLP

exports[`FooterColumns component should render correctly 1`] = `ShallowWrapper {}`;
