// Jest Snapshot v1, https://goo.gl/fbAQLP

exports[`ad image component should match snap shot 1`] = `ShallowWrapper {}`;
