// Jest Snapshot v1, https://goo.gl/fbAQLP

exports[`category component should render correctly 1`] = `ShallowWrapper {}`;
