// Jest Snapshot v1, https://goo.gl/fbAQLP

exports[`FooterDownloads component should render correctly 1`] = `ShallowWrapper {}`;
