// Jest Snapshot v1, https://goo.gl/fbAQLP

exports[`TopHeader component should render without throwing an error 1`] = `ShallowWrapper {}`;
